Type-safe project accessors is an incubating feature.

> Configure project :aether-cli
w: 'java' Gradle plugin is not compatible with 'org.jetbrains.kotlin.multiplatform' plugin.

Consider adding a new subproject with 'java' plugin where the KMP project is added as a dependency.

w: 'application' (also applies 'java' plugin) Gradle plugin is not compatible with 'org.jetbrains.kotlin.multiplatform' plugin.

Consider adding a new subproject with 'application' plugin where the KMP project is added as a dependency.


> Configure project :aether-plugin
WARNING: Unsupported Kotlin plugin version.
The `embedded-kotlin` and `kotlin-dsl` plugins rely on features of Kotlin `1.9.20` that might work differently than in the requested version `2.1.0`.

> Configure project :example-app
w: 'java' Gradle plugin is not compatible with 'org.jetbrains.kotlin.multiplatform' plugin.

Consider adding a new subproject with 'java' plugin where the KMP project is added as a dependency.

w: 'application' (also applies 'java' plugin) Gradle plugin is not compatible with 'org.jetbrains.kotlin.multiplatform' plugin.

Consider adding a new subproject with 'application' plugin where the KMP project is added as a dependency.


> Task :aether-admin:checkKotlinGradlePluginConfigurationErrors SKIPPED
> Task :aether-auth:checkKotlinGradlePluginConfigurationErrors SKIPPED
> Task :aether-core:checkKotlinGradlePluginConfigurationErrors SKIPPED
> Task :aether-core:compileKotlinJvm UP-TO-DATE
> Task :aether-core:jvmProcessResources NO-SOURCE
> Task :aether-core:jvmMainClasses UP-TO-DATE
> Task :aether-core:jvmJar UP-TO-DATE
> Task :aether-db:checkKotlinGradlePluginConfigurationErrors SKIPPED
> Task :aether-signals:checkKotlinGradlePluginConfigurationErrors SKIPPED
> Task :aether-signals:compileKotlinJvm UP-TO-DATE
> Task :aether-signals:jvmProcessResources NO-SOURCE
> Task :aether-signals:jvmMainClasses UP-TO-DATE
> Task :aether-signals:jvmJar UP-TO-DATE
> Task :aether-db:compileKotlinJvm UP-TO-DATE
> Task :aether-db:jvmProcessResources NO-SOURCE
> Task :aether-db:jvmMainClasses UP-TO-DATE
> Task :aether-db:jvmJar UP-TO-DATE
> Task :aether-auth:compileKotlinJvm UP-TO-DATE
> Task :aether-auth:jvmProcessResources NO-SOURCE
> Task :aether-auth:jvmMainClasses UP-TO-DATE
> Task :aether-auth:jvmJar UP-TO-DATE
> Task :aether-forms:checkKotlinGradlePluginConfigurationErrors SKIPPED
> Task :aether-ui:checkKotlinGradlePluginConfigurationErrors SKIPPED
> Task :aether-ui:compileKotlinJvm UP-TO-DATE
> Task :aether-ui:jvmProcessResources NO-SOURCE
> Task :aether-ui:jvmMainClasses UP-TO-DATE
> Task :aether-ui:jvmJar UP-TO-DATE
> Task :aether-forms:compileKotlinJvm UP-TO-DATE
> Task :aether-forms:jvmProcessResources NO-SOURCE
> Task :aether-forms:jvmMainClasses UP-TO-DATE
> Task :aether-forms:jvmJar UP-TO-DATE
> Task :aether-web:checkKotlinGradlePluginConfigurationErrors SKIPPED
> Task :aether-web:compileKotlinJvm UP-TO-DATE
> Task :aether-web:jvmProcessResources NO-SOURCE
> Task :aether-web:jvmMainClasses UP-TO-DATE
> Task :aether-web:jvmJar UP-TO-DATE
> Task :aether-admin:compileKotlinJvm UP-TO-DATE
> Task :aether-admin:jvmProcessResources NO-SOURCE
> Task :aether-admin:jvmMainClasses UP-TO-DATE
> Task :aether-admin:jvmJar UP-TO-DATE
> Task :aether-channels:checkKotlinGradlePluginConfigurationErrors SKIPPED
> Task :aether-channels:compileKotlinJvm UP-TO-DATE
> Task :aether-channels:jvmProcessResources NO-SOURCE
> Task :aether-channels:jvmMainClasses UP-TO-DATE
> Task :aether-channels:jvmJar UP-TO-DATE
> Task :aether-tasks:checkKotlinGradlePluginConfigurationErrors SKIPPED
> Task :aether-tasks:compileKotlinJvm UP-TO-DATE
> Task :aether-tasks:jvmProcessResources NO-SOURCE
> Task :aether-tasks:jvmMainClasses UP-TO-DATE
> Task :aether-tasks:jvmJar UP-TO-DATE
> Task :example-app:checkKotlinGradlePluginConfigurationErrors SKIPPED
> Task :example-app:compileKotlinJvm UP-TO-DATE
> Task :example-app:compileJava NO-SOURCE
> Task :example-app:jvmProcessResources UP-TO-DATE
> Task :example-app:jvmMainClasses UP-TO-DATE
> Task :example-app:jvmJar UP-TO-DATE
> Task :example-app:processResources SKIPPED
> Task :example-app:classes UP-TO-DATE
> Task :example-app:jvmTestProcessResources UP-TO-DATE

> Task :example-app:compileTestKotlinJvm FAILED
e: file:///home/yousef/Projects/kmp/Aether/example-app/src/jvmTest/kotlin/codes/yousef/aether/example/app/E2ETest.kt:4:33 Unresolved reference 'JwtAuthentication'.
e: file:///home/yousef/Projects/kmp/Aether/example-app/src/jvmTest/kotlin/codes/yousef/aether/example/app/E2ETest.kt:5:33 Unresolved reference 'UserIdPrincipal'.
e: file:///home/yousef/Projects/kmp/Aether/example-app/src/jvmTest/kotlin/codes/yousef/aether/example/app/E2ETest.kt:6:33 Unresolved reference 'authenticate'.
e: file:///home/yousef/Projects/kmp/Aether/example-app/src/jvmTest/kotlin/codes/yousef/aether/example/app/E2ETest.kt:8:33 Unresolved reference 'Aether'.
e: file:///home/yousef/Projects/kmp/Aether/example-app/src/jvmTest/kotlin/codes/yousef/aether/example/app/E2ETest.kt:9:33 Unresolved reference 'respond'.
e: file:///home/yousef/Projects/kmp/Aether/example-app/src/jvmTest/kotlin/codes/yousef/aether/example/app/E2ETest.kt:10:32 Unresolved reference 'routing'.
e: file:///home/yousef/Projects/kmp/Aether/example-app/src/jvmTest/kotlin/codes/yousef/aether/example/app/E2ETest.kt:11:32 Unresolved reference 'get'.
e: file:///home/yousef/Projects/kmp/Aether/example-app/src/jvmTest/kotlin/codes/yousef/aether/example/app/E2ETest.kt:12:32 Unresolved reference 'post'.
e: file:///home/yousef/Projects/kmp/Aether/example-app/src/jvmTest/kotlin/codes/yousef/aether/example/app/E2ETest.kt:44:21 Unresolved reference 'Aether'.
e: file:///home/yousef/Projects/kmp/Aether/example-app/src/jvmTest/kotlin/codes/yousef/aether/example/app/E2ETest.kt:45:25 Unresolved reference 'server'.
e: file:///home/yousef/Projects/kmp/Aether/example-app/src/jvmTest/kotlin/codes/yousef/aether/example/app/E2ETest.kt:46:34 Unresolved reference 'port'.
e: file:///home/yousef/Projects/kmp/Aether/example-app/src/jvmTest/kotlin/codes/yousef/aether/example/app/E2ETest.kt:49:25 Unresolved reference 'install'.
e: file:///home/yousef/Projects/kmp/Aether/example-app/src/jvmTest/kotlin/codes/yousef/aether/example/app/E2ETest.kt:49:33 Unresolved reference 'JwtAuthentication'.
e: file:///home/yousef/Projects/kmp/Aether/example-app/src/jvmTest/kotlin/codes/yousef/aether/example/app/E2ETest.kt:50:29 Unresolved reference 'verifier'.
e: file:///home/yousef/Projects/kmp/Aether/example-app/src/jvmTest/kotlin/codes/yousef/aether/example/app/E2ETest.kt:50:51 Unresolved reference 'makeVerifier'.
e: file:///home/yousef/Projects/kmp/Aether/example-app/src/jvmTest/kotlin/codes/yousef/aether/example/app/E2ETest.kt:51:29 Unresolved reference 'validate'.
e: file:///home/yousef/Projects/kmp/Aether/example-app/src/jvmTest/kotlin/codes/yousef/aether/example/app/E2ETest.kt:51:40 Cannot infer type for this parameter. Please specify it explicitly.
e: file:///home/yousef/Projects/kmp/Aether/example-app/src/jvmTest/kotlin/codes/yousef/aether/example/app/E2ETest.kt:52:48 Unresolved reference 'payload'.
e: file:///home/yousef/Projects/kmp/Aether/example-app/src/jvmTest/kotlin/codes/yousef/aether/example/app/E2ETest.kt:52:92 Unresolved reference 'payload'.
e: file:///home/yousef/Projects/kmp/Aether/example-app/src/jvmTest/kotlin/codes/yousef/aether/example/app/E2ETest.kt:53:37 Unresolved reference 'UserIdPrincipal'.
e: file:///home/yousef/Projects/kmp/Aether/example-app/src/jvmTest/kotlin/codes/yousef/aether/example/app/E2ETest.kt:53:64 Unresolved reference 'payload'.
e: file:///home/yousef/Projects/kmp/Aether/example-app/src/jvmTest/kotlin/codes/yousef/aether/example/app/E2ETest.kt:60:25 Unresolved reference 'routing'.
e: file:///home/yousef/Projects/kmp/Aether/example-app/src/jvmTest/kotlin/codes/yousef/aether/example/app/E2ETest.kt:61:29 Unresolved reference. None of the following candidates is applicable because of a receiver type mismatch:
fun MatchGroupCollection.get(name: String): MatchGroup?
e: file:///home/yousef/Projects/kmp/Aether/example-app/src/jvmTest/kotlin/codes/yousef/aether/example/app/E2ETest.kt:61:46 Cannot infer type for this parameter. Please specify it explicitly.
e: file:///home/yousef/Projects/kmp/Aether/example-app/src/jvmTest/kotlin/codes/yousef/aether/example/app/E2ETest.kt:62:42 Unresolved reference 'respond'.
e: file:///home/yousef/Projects/kmp/Aether/example-app/src/jvmTest/kotlin/codes/yousef/aether/example/app/E2ETest.kt:65:29 Unresolved reference 'authenticate'.
e: file:///home/yousef/Projects/kmp/Aether/example-app/src/jvmTest/kotlin/codes/yousef/aether/example/app/E2ETest.kt:66:33 Unresolved reference. None of the following candidates is applicable because of a receiver type mismatch:
fun MatchGroupCollection.get(name: String): MatchGroup?
e: file:///home/yousef/Projects/kmp/Aether/example-app/src/jvmTest/kotlin/codes/yousef/aether/example/app/E2ETest.kt:66:53 Cannot infer type for this parameter. Please specify it explicitly.
e: file:///home/yousef/Projects/kmp/Aether/example-app/src/jvmTest/kotlin/codes/yousef/aether/example/app/E2ETest.kt:67:62 Unresolved reference 'principal'.
e: file:///home/yousef/Projects/kmp/Aether/example-app/src/jvmTest/kotlin/codes/yousef/aether/example/app/E2ETest.kt:67:72 Unresolved reference 'UserIdPrincipal'.
e: file:///home/yousef/Projects/kmp/Aether/example-app/src/jvmTest/kotlin/codes/yousef/aether/example/app/E2ETest.kt:68:46 Unresolved reference 'respond'.
e: file:///home/yousef/Projects/kmp/Aether/example-app/src/jvmTest/kotlin/codes/yousef/aether/example/app/E2ETest.kt:71:33 Unresolved reference. None of the following candidates is applicable because of a receiver type mismatch:
fun MatchGroupCollection.get(name: String): MatchGroup?
e: file:///home/yousef/Projects/kmp/Aether/example-app/src/jvmTest/kotlin/codes/yousef/aether/example/app/E2ETest.kt:71:54 Cannot infer type for this parameter. Please specify it explicitly.
e: file:///home/yousef/Projects/kmp/Aether/example-app/src/jvmTest/kotlin/codes/yousef/aether/example/app/E2ETest.kt:72:62 Unresolved reference 'principal'.
e: file:///home/yousef/Projects/kmp/Aether/example-app/src/jvmTest/kotlin/codes/yousef/aether/example/app/E2ETest.kt:72:72 Unresolved reference 'UserIdPrincipal'.
e: file:///home/yousef/Projects/kmp/Aether/example-app/src/jvmTest/kotlin/codes/yousef/aether/example/app/E2ETest.kt:74:50 Unresolved reference 'respond'.
e: file:///home/yousef/Projects/kmp/Aether/example-app/src/jvmTest/kotlin/codes/yousef/aether/example/app/E2ETest.kt:76:50 Unresolved reference 'respond'.
e: file:///home/yousef/Projects/kmp/Aether/example-app/src/jvmTest/kotlin/codes/yousef/aether/example/app/E2ETest.kt:81:29 Unresolved reference 'post'.
e: file:///home/yousef/Projects/kmp/Aether/example-app/src/jvmTest/kotlin/codes/yousef/aether/example/app/E2ETest.kt:81:46 Cannot infer type for this parameter. Please specify it explicitly.
e: file:///home/yousef/Projects/kmp/Aether/example-app/src/jvmTest/kotlin/codes/yousef/aether/example/app/E2ETest.kt:88:42 Unresolved reference 'respond'.
e: file:///home/yousef/Projects/kmp/Aether/example-app/src/jvmTest/kotlin/codes/yousef/aether/example/app/E2ETest.kt:91:29 Unresolved reference 'post'.
e: file:///home/yousef/Projects/kmp/Aether/example-app/src/jvmTest/kotlin/codes/yousef/aether/example/app/E2ETest.kt:91:52 Cannot infer type for this parameter. Please specify it explicitly.
e: file:///home/yousef/Projects/kmp/Aether/example-app/src/jvmTest/kotlin/codes/yousef/aether/example/app/E2ETest.kt:98:42 Unresolved reference 'respond'.

FAILURE: Build failed with an exception.

* What went wrong:
Execution failed for task ':example-app:compileTestKotlinJvm'.
> A failure occurred while executing org.jetbrains.kotlin.compilerRunner.GradleCompilerRunnerWithWorkers$GradleKotlinCompilerWorkAction
   > Compilation error. See log for more details

* Try:
> Run with --stacktrace option to get the stack trace.
> Run with --info or --debug option to get more log output.
> Run with --scan to get full insights.
> Get more help at https://help.gradle.org.

BUILD FAILED in 2s
25 actionable tasks: 1 executed, 24 up-to-date
